// Jest Snapshot v1, https://goo.gl/fbAQLP

exports[`Home page matches snapshot 1`] = `
<DocumentFragment>
  <div
    __self="[object Object]"
    __source="[object Object]"
    class="container mx-auto"
  >
    <nav
      __self="[object Object]"
      __source="[object Object]"
    >
      <ul
        __self="[object Object]"
        __source="[object Object]"
        class="flex justify-between items-center p-8"
      >
        <li
          __self="[object Object]"
          __source="[object Object]"
        >
          <a
            __self="[object Object]"
            __source="[object Object]"
            class="text-blue-500 no-underline"
            href="/"
          >
            Home
          </a>
        </li>
        <ul
          __self="[object Object]"
          __source="[object Object]"
          class="flex justify-between items-center space-x-4"
        >
          <li
            __self="[object Object]"
            __source="[object Object]"
          >
            <a
              __self="[object Object]"
              __source="[object Object]"
              class="btn-blue no-underline"
              href="https://github.com/vercel/next.js"
            >
              GitHub
            </a>
          </li>
          <li
            __self="[object Object]"
            __source="[object Object]"
          >
            <a
              __self="[object Object]"
              __source="[object Object]"
              class="btn-blue no-underline"
              href="https://nextjs.org/docs"
            >
              Docs
            </a>
          </li>
        </ul>
      </ul>
    </nav>
    <div
      __self="[object Object]"
      __source="[object Object]"
      class="py-20"
    >
      <h1
        __self="[object Object]"
        __source="[object Object]"
        class="text-5xl text-center text-accent-1"
      >
        Next.js + Tailwind CSS
      </h1>
    </div>
    <div
      __self="[object Object]"
      __source="[object Object]"
      class="flex justify-center"
    >
      <button
        __self="[object Object]"
        __source="[object Object]"
        class="bg-gray-100 px-4 py-2 rounded-md border-solid border-2 border-gray-400 hover:border-blue-300 hover:shadow-md"
      >
        Test Button
      </button>
    </div>
  </div>
</DocumentFragment>
`;
